// Jest Snapshot v1, https://goo.gl/fbAQLP

exports[`NameAndPictureScreen renders correctly 1`] = `
<RNCSafeAreaView
  style={
    Object {
      "backgroundColor": "#F9F6F0",
      "flex": 1,
      "justifyContent": "space-between",
    }
  }
>
  <RNCSafeAreaView
    style={
      Object {
        "height": 35,
        "position": "absolute",
        "right": 10,
        "top": 10,
        "width": 60,
        "zIndex": 100,
      }
    }
  >
    <Text
      accessible={true}
      focusable={true}
      onClick={[Function]}
      onResponderGrant={[Function]}
      onResponderMove={[Function]}
      onResponderRelease={[Function]}
      onResponderTerminate={[Function]}
      onResponderTerminationRequest={[Function]}
      onStartShouldSetResponder={[Function]}
    >
         
    </Text>
  </RNCSafeAreaView>
  <RCTScrollView
    contentContainerStyle={
      Object {
        "padding": 24,
        "paddingTop": 80,
      }
    }
    keyboardShouldPersistTaps="always"
  >
    <View>
      <RNGestureHandlerButton
        collapsable={false}
        onGestureEvent={[Function]}
        onGestureHandlerEvent={[Function]}
        onGestureHandlerStateChange={[Function]}
        onHandlerStateChange={[Function]}
        rippleColor={0}
        style={
          Array [
            Object {
              "overflow": "hidden",
            },
            undefined,
          ]
        }
      >
        <View
          accessible={true}
          style={
            Object {
              "alignItems": "center",
              "alignSelf": "center",
              "backgroundColor": "#A49B80",
              "borderRadius": 60,
              "height": 120,
              "justifyContent": "center",
              "opacity": 1,
              "width": 120,
            }
          }
        >
          <Text
            style={Object {}}
          >
            addPhoto
          </Text>
        </View>
      </RNGestureHandlerButton>
      <Modal
        animationType="none"
        hardwareAccelerated={false}
        hideModalContentWhileAnimating={false}
        onModalHide={[Function]}
        onModalWillHide={[Function]}
        onModalWillShow={[Function]}
        onRequestClose={[Function]}
        scrollHorizontal={false}
        scrollOffset={0}
        scrollOffsetMax={0}
        scrollTo={null}
        statusBarTranslucent={true}
        supportedOrientations={
          Array [
            "portrait",
            "landscape",
          ]
        }
        swipeThreshold={100}
        transparent={true}
        visible={false}
      >
        <View
          accessible={true}
          focusable={true}
          forwardedRef={[Function]}
          onClick={[Function]}
          onResponderGrant={[Function]}
          onResponderMove={[Function]}
          onResponderRelease={[Function]}
          onResponderTerminate={[Function]}
          onResponderTerminationRequest={[Function]}
          onStartShouldSetResponder={[Function]}
          style={
            Object {
              "backgroundColor": "black",
              "bottom": 0,
              "height": 1334,
              "left": 0,
              "opacity": 0,
              "position": "absolute",
              "right": 0,
              "top": 0,
              "width": 750,
            }
          }
        />
        <View
          forwardedRef={[Function]}
          hideModalContentWhileAnimating={false}
          onModalHide={[Function]}
          onModalWillHide={[Function]}
          onModalWillShow={[Function]}
          pointerEvents="box-none"
          scrollHorizontal={false}
          scrollOffset={0}
          scrollOffsetMax={0}
          scrollTo={null}
          statusBarTranslucent={true}
          style={
            Object {
              "flex": 1,
              "justifyContent": "center",
              "margin": 37.5,
              "transform": Array [
                Object {
                  "translateY": 0,
                },
              ],
            }
          }
          supportedOrientations={
            Array [
              "portrait",
              "landscape",
            ]
          }
          swipeThreshold={100}
        >
          <RNCSafeAreaView>
            <View
              style={
                Array [
                  Object {
                    "backgroundColor": "#FFFFFF",
                    "padding": 16,
                  },
                  Object {
                    "borderRadius": 8,
                  },
                  Object {
                    "elevation": 12,
                    "shadowColor": "rgba(156, 164, 169, 0.4)",
                    "shadowOffset": Object {
                      "height": 2,
                      "width": 0,
                    },
                    "shadowOpacity": 1,
                    "shadowRadius": 12,
                  },
                  Array [
                    Object {
                      "backgroundColor": "#FFFFFF",
                      "maxHeight": "100%",
                      "padding": 24,
                    },
                    Object {
                      "alignItems": "center",
                      "justifyContent": "center",
                      "padding": 0,
                    },
                  ],
                ]
              }
            >
              <View
                accessible={true}
                focusable={true}
                onClick={[Function]}
                onResponderGrant={[Function]}
                onResponderMove={[Function]}
                onResponderRelease={[Function]}
                onResponderTerminate={[Function]}
                onResponderTerminationRequest={[Function]}
                onStartShouldSetResponder={[Function]}
                style={
                  Object {
                    "opacity": 1,
                  }
                }
              >
                <Text
                  style={
                    Array [
                      Object {
                        "marginVertical": 16,
                      },
                      Object {
                        "color": "#1AB775",
                        "fontFamily": "Inter-Regular",
                        "fontSize": 18,
                        "lineHeight": 24,
                      },
                    ]
                  }
                >
                  chooseFromLibrary
                </Text>
              </View>
              <View
                style={
                  Array [
                    Object {
                      "backgroundColor": "#EDEEEF",
                      "height": 1,
                      "width": "100%",
                    },
                    Object {},
                  ]
                }
              />
              <View
                accessible={true}
                focusable={true}
                onClick={[Function]}
                onResponderGrant={[Function]}
                onResponderMove={[Function]}
                onResponderRelease={[Function]}
                onResponderTerminate={[Function]}
                onResponderTerminationRequest={[Function]}
                onStartShouldSetResponder={[Function]}
                style={
                  Object {
                    "opacity": 1,
                  }
                }
              >
                <Text
                  style={
                    Array [
                      Object {
                        "marginVertical": 16,
                      },
                      Object {
                        "color": "#1AB775",
                        "fontFamily": "Inter-Regular",
                        "fontSize": 18,
                        "lineHeight": 24,
                      },
                    ]
                  }
                >
                  takePhoto
                </Text>
              </View>
              <View
                style={
                  Array [
                    Object {
                      "backgroundColor": "#EDEEEF",
                      "height": 1,
                      "width": "100%",
                    },
                    Object {
                      "backgroundColor": "#B4B9BD",
                    },
                  ]
                }
              />
              <View
                accessible={true}
                focusable={true}
                onClick={[Function]}
                onResponderGrant={[Function]}
                onResponderMove={[Function]}
                onResponderRelease={[Function]}
                onResponderTerminate={[Function]}
                onResponderTerminationRequest={[Function]}
                onStartShouldSetResponder={[Function]}
                style={
                  Object {
                    "opacity": 1,
                  }
                }
              >
                <Text
                  style={
                    Array [
                      Object {
                        "marginVertical": 16,
                      },
                      Object {
                        "color": "#1AB775",
                        "fontFamily": "Inter-SemiBold",
                        "fontSize": 18,
                        "lineHeight": 24,
                      },
                    ]
                  }
                >
                  global:cancel
                </Text>
              </View>
            </View>
          </RNCSafeAreaView>
        </View>
      </Modal>
      <View
        style={
          Object {
            "marginBottom": 32,
            "marginTop": 24,
          }
        }
      >
        <Text
          style={
            Array [
              Object {
                "color": "#A49B80",
                "fontFamily": "Inter-SemiBold",
                "fontSize": 13,
                "lineHeight": 16,
              },
              Object {
                "marginBottom": 8,
              },
            ]
          }
        >
          fullName
        </Text>
        <View>
          <View
            style={
              Array [
                Object {
                  "alignItems": "center",
                  "flex": 1,
                  "flexDirection": "row",
                  "justifyContent": "center",
                },
                undefined,
              ]
            }
          >
            <TextInput
              allowFontScaling={true}
              enablesReturnKeyAutomatically={true}
              onBlur={[Function]}
              onChangeText={[Function]}
              onFocus={[Function]}
              placeholder="fullNamePlaceholder"
              placeholderTextColor="#B4B9BD"
              rejectResponderTermination={true}
              style={
                Array [
                  Object {
                    "color": "#2E3338",
                    "flex": 1,
                    "fontFamily": "Inter-Regular",
                    "fontSize": 16,
                    "lineHeight": 22,
                    "paddingHorizontal": 0,
                    "paddingVertical": 12,
                  },
                  undefined,
                  undefined,
                ]
              }
              testID="NameEntry"
              underlineColorAndroid="transparent"
              value=""
            />
          </View>
          <View
            style={
              Object {
                "backgroundColor": "#A49B80",
                "height": 1,
                "opacity": 0.2,
              }
            }
          />
        </View>
      </View>
      <View
        style={
          Array [
            Object {
              "flexDirection": "row",
            },
            undefined,
          ]
        }
      >
        <View
          style={
            Array [
              Object {
                "overflow": "hidden",
              },
              Object {
                "borderRadius": 100,
              },
            ]
          }
        >
          <View
            accessible={true}
            focusable={false}
            nativeBackgroundAndroid={
              Object {
                "attribute": "selectableItemBackground",
                "type": "ThemeAttrAndroid",
              }
            }
            onClick={[Function]}
            onResponderGrant={[Function]}
            onResponderMove={[Function]}
            onResponderRelease={[Function]}
            onResponderTerminate={[Function]}
            onResponderTerminationRequest={[Function]}
            onStartShouldSetResponder={[Function]}
            style={
              Object {
                "alignItems": "center",
                "backgroundColor": "#D6EAF3",
                "height": 48,
                "justifyContent": "center",
                "minWidth": 120,
                "opacity": 0.5,
                "paddingHorizontal": 24,
                "paddingVertical": 5,
              }
            }
            testID="NameAndPictureContinueButton"
          >
            <Text
              style={
                Object {
                  "color": "#0768AE",
                  "fontFamily": "Inter-SemiBold",
                  "fontSize": 16,
                  "lineHeight": 22,
                }
              }
            >
              global:next
            </Text>
          </View>
        </View>
      </View>
    </View>
  </RCTScrollView>
  <View
    collapsable={false}
    style={
      Array [
        Object {
          "bottom": 0,
          "left": 0,
          "right": 0,
        },
        Object {
          "height": 0,
        },
        undefined,
      ]
    }
  />
</RNCSafeAreaView>
`;

exports[`NameAndPictureScreen renders with an error 1`] = `
<RNCSafeAreaView
  style={
    Object {
      "backgroundColor": "#F9F6F0",
      "flex": 1,
      "justifyContent": "space-between",
    }
  }
>
  <RNCSafeAreaView
    style={
      Object {
        "height": 35,
        "position": "absolute",
        "right": 10,
        "top": 10,
        "width": 60,
        "zIndex": 100,
      }
    }
  >
    <Text
      accessible={true}
      focusable={true}
      onClick={[Function]}
      onResponderGrant={[Function]}
      onResponderMove={[Function]}
      onResponderRelease={[Function]}
      onResponderTerminate={[Function]}
      onResponderTerminationRequest={[Function]}
      onStartShouldSetResponder={[Function]}
    >
         
    </Text>
  </RNCSafeAreaView>
  <RCTScrollView
    contentContainerStyle={
      Object {
        "padding": 24,
        "paddingTop": 80,
      }
    }
    keyboardShouldPersistTaps="always"
  >
    <View>
      <RNGestureHandlerButton
        collapsable={false}
        onGestureEvent={[Function]}
        onGestureHandlerEvent={[Function]}
        onGestureHandlerStateChange={[Function]}
        onHandlerStateChange={[Function]}
        rippleColor={0}
        style={
          Array [
            Object {
              "overflow": "hidden",
            },
            undefined,
          ]
        }
      >
        <View
          accessible={true}
          style={
            Object {
              "alignItems": "center",
              "alignSelf": "center",
              "backgroundColor": "#A49B80",
              "borderRadius": 60,
              "height": 120,
              "justifyContent": "center",
              "opacity": 1,
              "width": 120,
            }
          }
        >
          <Text
            style={Object {}}
          >
            addPhoto
          </Text>
        </View>
      </RNGestureHandlerButton>
      <Modal
        animationType="none"
        hardwareAccelerated={false}
        hideModalContentWhileAnimating={false}
        onModalHide={[Function]}
        onModalWillHide={[Function]}
        onModalWillShow={[Function]}
        onRequestClose={[Function]}
        scrollHorizontal={false}
        scrollOffset={0}
        scrollOffsetMax={0}
        scrollTo={null}
        statusBarTranslucent={true}
        supportedOrientations={
          Array [
            "portrait",
            "landscape",
          ]
        }
        swipeThreshold={100}
        transparent={true}
        visible={false}
      >
        <View
          accessible={true}
          focusable={true}
          forwardedRef={[Function]}
          onClick={[Function]}
          onResponderGrant={[Function]}
          onResponderMove={[Function]}
          onResponderRelease={[Function]}
          onResponderTerminate={[Function]}
          onResponderTerminationRequest={[Function]}
          onStartShouldSetResponder={[Function]}
          style={
            Object {
              "backgroundColor": "black",
              "bottom": 0,
              "height": 1334,
              "left": 0,
              "opacity": 0,
              "position": "absolute",
              "right": 0,
              "top": 0,
              "width": 750,
            }
          }
        />
        <View
          forwardedRef={[Function]}
          hideModalContentWhileAnimating={false}
          onModalHide={[Function]}
          onModalWillHide={[Function]}
          onModalWillShow={[Function]}
          pointerEvents="box-none"
          scrollHorizontal={false}
          scrollOffset={0}
          scrollOffsetMax={0}
          scrollTo={null}
          statusBarTranslucent={true}
          style={
            Object {
              "flex": 1,
              "justifyContent": "center",
              "margin": 37.5,
              "transform": Array [
                Object {
                  "translateY": 0,
                },
              ],
            }
          }
          supportedOrientations={
            Array [
              "portrait",
              "landscape",
            ]
          }
          swipeThreshold={100}
        >
          <RNCSafeAreaView>
            <View
              style={
                Array [
                  Object {
                    "backgroundColor": "#FFFFFF",
                    "padding": 16,
                  },
                  Object {
                    "borderRadius": 8,
                  },
                  Object {
                    "elevation": 12,
                    "shadowColor": "rgba(156, 164, 169, 0.4)",
                    "shadowOffset": Object {
                      "height": 2,
                      "width": 0,
                    },
                    "shadowOpacity": 1,
                    "shadowRadius": 12,
                  },
                  Array [
                    Object {
                      "backgroundColor": "#FFFFFF",
                      "maxHeight": "100%",
                      "padding": 24,
                    },
                    Object {
                      "alignItems": "center",
                      "justifyContent": "center",
                      "padding": 0,
                    },
                  ],
                ]
              }
            >
              <View
                accessible={true}
                focusable={true}
                onClick={[Function]}
                onResponderGrant={[Function]}
                onResponderMove={[Function]}
                onResponderRelease={[Function]}
                onResponderTerminate={[Function]}
                onResponderTerminationRequest={[Function]}
                onStartShouldSetResponder={[Function]}
                style={
                  Object {
                    "opacity": 1,
                  }
                }
              >
                <Text
                  style={
                    Array [
                      Object {
                        "marginVertical": 16,
                      },
                      Object {
                        "color": "#1AB775",
                        "fontFamily": "Inter-Regular",
                        "fontSize": 18,
                        "lineHeight": 24,
                      },
                    ]
                  }
                >
                  chooseFromLibrary
                </Text>
              </View>
              <View
                style={
                  Array [
                    Object {
                      "backgroundColor": "#EDEEEF",
                      "height": 1,
                      "width": "100%",
                    },
                    Object {},
                  ]
                }
              />
              <View
                accessible={true}
                focusable={true}
                onClick={[Function]}
                onResponderGrant={[Function]}
                onResponderMove={[Function]}
                onResponderRelease={[Function]}
                onResponderTerminate={[Function]}
                onResponderTerminationRequest={[Function]}
                onStartShouldSetResponder={[Function]}
                style={
                  Object {
                    "opacity": 1,
                  }
                }
              >
                <Text
                  style={
                    Array [
                      Object {
                        "marginVertical": 16,
                      },
                      Object {
                        "color": "#1AB775",
                        "fontFamily": "Inter-Regular",
                        "fontSize": 18,
                        "lineHeight": 24,
                      },
                    ]
                  }
                >
                  takePhoto
                </Text>
              </View>
              <View
                style={
                  Array [
                    Object {
                      "backgroundColor": "#EDEEEF",
                      "height": 1,
                      "width": "100%",
                    },
                    Object {
                      "backgroundColor": "#B4B9BD",
                    },
                  ]
                }
              />
              <View
                accessible={true}
                focusable={true}
                onClick={[Function]}
                onResponderGrant={[Function]}
                onResponderMove={[Function]}
                onResponderRelease={[Function]}
                onResponderTerminate={[Function]}
                onResponderTerminationRequest={[Function]}
                onStartShouldSetResponder={[Function]}
                style={
                  Object {
                    "opacity": 1,
                  }
                }
              >
                <Text
                  style={
                    Array [
                      Object {
                        "marginVertical": 16,
                      },
                      Object {
                        "color": "#1AB775",
                        "fontFamily": "Inter-SemiBold",
                        "fontSize": 18,
                        "lineHeight": 24,
                      },
                    ]
                  }
                >
                  global:cancel
                </Text>
              </View>
            </View>
          </RNCSafeAreaView>
        </View>
      </Modal>
      <View
        style={
          Object {
            "marginBottom": 32,
            "marginTop": 24,
          }
        }
      >
        <Text
          style={
            Array [
              Object {
                "color": "#A49B80",
                "fontFamily": "Inter-SemiBold",
                "fontSize": 13,
                "lineHeight": 16,
              },
              Object {
                "marginBottom": 8,
              },
            ]
          }
        >
          fullName
        </Text>
        <View>
          <View
            style={
              Array [
                Object {
                  "alignItems": "center",
                  "flex": 1,
                  "flexDirection": "row",
                  "justifyContent": "center",
                },
                undefined,
              ]
            }
          >
            <TextInput
              allowFontScaling={true}
              enablesReturnKeyAutomatically={true}
              onBlur={[Function]}
              onChangeText={[Function]}
              onFocus={[Function]}
              placeholder="fullNamePlaceholder"
              placeholderTextColor="#B4B9BD"
              rejectResponderTermination={true}
              style={
                Array [
                  Object {
                    "color": "#2E3338",
                    "flex": 1,
                    "fontFamily": "Inter-Regular",
                    "fontSize": 16,
                    "lineHeight": 22,
                    "paddingHorizontal": 0,
                    "paddingVertical": 12,
                  },
                  undefined,
                  undefined,
                ]
              }
              testID="NameEntry"
              underlineColorAndroid="transparent"
              value=""
            />
          </View>
          <View
            style={
              Object {
                "backgroundColor": "#A49B80",
                "height": 1,
                "opacity": 0.2,
              }
            }
          />
        </View>
      </View>
      <View
        style={
          Array [
            Object {
              "flexDirection": "row",
            },
            undefined,
          ]
        }
      >
        <View
          style={
            Array [
              Object {
                "overflow": "hidden",
              },
              Object {
                "borderRadius": 100,
              },
            ]
          }
        >
          <View
            accessible={true}
            focusable={false}
            nativeBackgroundAndroid={
              Object {
                "attribute": "selectableItemBackground",
                "type": "ThemeAttrAndroid",
              }
            }
            onClick={[Function]}
            onResponderGrant={[Function]}
            onResponderMove={[Function]}
            onResponderRelease={[Function]}
            onResponderTerminate={[Function]}
            onResponderTerminationRequest={[Function]}
            onStartShouldSetResponder={[Function]}
            style={
              Object {
                "alignItems": "center",
                "backgroundColor": "#D6EAF3",
                "height": 48,
                "justifyContent": "center",
                "minWidth": 120,
                "opacity": 0.5,
                "paddingHorizontal": 24,
                "paddingVertical": 5,
              }
            }
            testID="NameAndPictureContinueButton"
          >
            <Text
              style={
                Object {
                  "color": "#0768AE",
                  "fontFamily": "Inter-SemiBold",
                  "fontSize": 16,
                  "lineHeight": 22,
                }
              }
            >
              global:next
            </Text>
          </View>
        </View>
      </View>
    </View>
  </RCTScrollView>
  <View
    collapsable={false}
    style={
      Array [
        Object {
          "bottom": 0,
          "left": 0,
          "right": 0,
        },
        Object {
          "height": 0,
        },
        undefined,
      ]
    }
  />
</RNCSafeAreaView>
`;
