// Jest Snapshot v1, https://goo.gl/fbAQLP

exports[`Profile renders correctly 1`] = `
<RCTScrollView
  style={
    Object {
      "flex": 1,
    }
  }
>
  <View>
    <RNCSafeAreaView
      edges={
        Array [
          "bottom",
        ]
      }
    >
      <View
        style={
          Object {
            "alignItems": "center",
            "flexDirection": "column",
            "paddingBottom": 15,
            "paddingLeft": 10,
            "paddingRight": 15,
            "paddingTop": 30,
          }
        }
      >
        <RNGestureHandlerButton
          collapsable={false}
          onGestureEvent={[Function]}
          onGestureHandlerEvent={[Function]}
          onGestureHandlerStateChange={[Function]}
          onHandlerStateChange={[Function]}
          rippleColor={0}
          style={
            Array [
              Object {
                "overflow": "hidden",
              },
              undefined,
            ]
          }
        >
          <View
            accessible={true}
            style={
              Object {
                "alignItems": "center",
                "alignSelf": "center",
                "backgroundColor": "#B4B9BD",
                "borderRadius": 60,
                "height": 120,
                "justifyContent": "center",
                "opacity": 1,
                "width": 120,
              }
            }
          >
            <Text
              style={Object {}}
            >
              addPhoto
            </Text>
          </View>
        </RNGestureHandlerButton>
        <Modal
          animationType="none"
          hardwareAccelerated={false}
          hideModalContentWhileAnimating={false}
          onModalHide={[Function]}
          onModalWillHide={[Function]}
          onModalWillShow={[Function]}
          onRequestClose={[Function]}
          scrollHorizontal={false}
          scrollOffset={0}
          scrollOffsetMax={0}
          scrollTo={null}
          statusBarTranslucent={true}
          supportedOrientations={
            Array [
              "portrait",
              "landscape",
            ]
          }
          swipeThreshold={100}
          transparent={true}
          visible={false}
        >
          <View
            accessible={true}
            focusable={true}
            forwardedRef={[Function]}
            onClick={[Function]}
            onResponderGrant={[Function]}
            onResponderMove={[Function]}
            onResponderRelease={[Function]}
            onResponderTerminate={[Function]}
            onResponderTerminationRequest={[Function]}
            onStartShouldSetResponder={[Function]}
            style={
              Object {
                "backgroundColor": "black",
                "bottom": 0,
                "height": 1334,
                "left": 0,
                "opacity": 0,
                "position": "absolute",
                "right": 0,
                "top": 0,
                "width": 750,
              }
            }
          />
          <View
            forwardedRef={[Function]}
            hideModalContentWhileAnimating={false}
            onModalHide={[Function]}
            onModalWillHide={[Function]}
            onModalWillShow={[Function]}
            pointerEvents="box-none"
            scrollHorizontal={false}
            scrollOffset={0}
            scrollOffsetMax={0}
            scrollTo={null}
            statusBarTranslucent={true}
            style={
              Object {
                "flex": 1,
                "justifyContent": "center",
                "margin": 37.5,
                "transform": Array [
                  Object {
                    "translateY": 0,
                  },
                ],
              }
            }
            supportedOrientations={
              Array [
                "portrait",
                "landscape",
              ]
            }
            swipeThreshold={100}
          >
            <RNCSafeAreaView>
              <View
                style={
                  Array [
                    Object {
                      "backgroundColor": "#FFFFFF",
                      "padding": 16,
                    },
                    Object {
                      "borderRadius": 8,
                    },
                    Object {
                      "elevation": 12,
                      "shadowColor": "rgba(156, 164, 169, 0.4)",
                      "shadowOffset": Object {
                        "height": 2,
                        "width": 0,
                      },
                      "shadowOpacity": 1,
                      "shadowRadius": 12,
                    },
                    Array [
                      Object {
                        "backgroundColor": "#FFFFFF",
                        "maxHeight": "100%",
                        "padding": 24,
                      },
                      Object {
                        "alignItems": "center",
                        "justifyContent": "center",
                        "padding": 0,
                      },
                    ],
                  ]
                }
              >
                <View
                  accessible={true}
                  focusable={true}
                  onClick={[Function]}
                  onResponderGrant={[Function]}
                  onResponderMove={[Function]}
                  onResponderRelease={[Function]}
                  onResponderTerminate={[Function]}
                  onResponderTerminationRequest={[Function]}
                  onStartShouldSetResponder={[Function]}
                  style={
                    Object {
                      "opacity": 1,
                    }
                  }
                >
                  <Text
                    style={
                      Array [
                        Object {
                          "marginVertical": 16,
                        },
                        Object {
                          "color": "#1AB775",
                          "fontFamily": "Inter-Regular",
                          "fontSize": 18,
                          "lineHeight": 24,
                        },
                      ]
                    }
                  >
                    chooseFromLibrary
                  </Text>
                </View>
                <View
                  style={
                    Array [
                      Object {
                        "backgroundColor": "#EDEEEF",
                        "height": 1,
                        "width": "100%",
                      },
                      Object {},
                    ]
                  }
                />
                <View
                  accessible={true}
                  focusable={true}
                  onClick={[Function]}
                  onResponderGrant={[Function]}
                  onResponderMove={[Function]}
                  onResponderRelease={[Function]}
                  onResponderTerminate={[Function]}
                  onResponderTerminationRequest={[Function]}
                  onStartShouldSetResponder={[Function]}
                  style={
                    Object {
                      "opacity": 1,
                    }
                  }
                >
                  <Text
                    style={
                      Array [
                        Object {
                          "marginVertical": 16,
                        },
                        Object {
                          "color": "#1AB775",
                          "fontFamily": "Inter-Regular",
                          "fontSize": 18,
                          "lineHeight": 24,
                        },
                      ]
                    }
                  >
                    takePhoto
                  </Text>
                </View>
                <View
                  style={
                    Array [
                      Object {
                        "backgroundColor": "#EDEEEF",
                        "height": 1,
                        "width": "100%",
                      },
                      Object {
                        "backgroundColor": "#B4B9BD",
                      },
                    ]
                  }
                />
                <View
                  accessible={true}
                  focusable={true}
                  onClick={[Function]}
                  onResponderGrant={[Function]}
                  onResponderMove={[Function]}
                  onResponderRelease={[Function]}
                  onResponderTerminate={[Function]}
                  onResponderTerminationRequest={[Function]}
                  onStartShouldSetResponder={[Function]}
                  style={
                    Object {
                      "opacity": 1,
                    }
                  }
                >
                  <Text
                    style={
                      Array [
                        Object {
                          "marginVertical": 16,
                        },
                        Object {
                          "color": "#1AB775",
                          "fontFamily": "Inter-SemiBold",
                          "fontSize": 18,
                          "lineHeight": 24,
                        },
                      ]
                    }
                  >
                    global:cancel
                  </Text>
                </View>
              </View>
            </RNCSafeAreaView>
          </View>
        </Modal>
      </View>
      <View
        style={
          Object {
            "backgroundColor": "#FFFFFF",
          }
        }
      >
        <View
          style={
            Object {
              "borderBottomColor": "#EDEEEF",
              "borderBottomWidth": 1,
              "marginLeft": 16,
              "paddingVertical": 16,
            }
          }
        >
          <View
            style={
              Object {
                "alignItems": "center",
                "flexDirection": "row",
                "justifyContent": "space-between",
                "paddingRight": 16,
              }
            }
          >
            <View
              style={
                Array [
                  Object {
                    "justifyContent": "center",
                  },
                ]
              }
            >
              <Text
                style={
                  Object {
                    "color": "#2E3338",
                    "fontFamily": "Inter-Regular",
                    "fontSize": 16,
                    "lineHeight": 22,
                  }
                }
              >
                name
              </Text>
            </View>
            <View
              style={
                Array [
                  Object {
                    "alignItems": "center",
                    "flex": 1,
                    "flexDirection": "row",
                    "justifyContent": "center",
                  },
                  Object {
                    "flex": 0,
                    "justifyContent": "flex-end",
                    "paddingLeft": 16,
                  },
                ]
              }
            >
              <TextInput
                allowFontScaling={true}
                onBlur={[Function]}
                onChangeText={[Function]}
                onFocus={[Function]}
                placeholder="yourName"
                rejectResponderTermination={true}
                style={
                  Array [
                    Object {
                      "color": "#2E3338",
                      "flex": 1,
                      "fontFamily": "Inter-Regular",
                      "fontSize": 16,
                      "lineHeight": 22,
                      "paddingHorizontal": 0,
                      "paddingVertical": 12,
                    },
                    undefined,
                    Array [
                      Object {
                        "color": "#9CA4A9",
                        "flex": 0,
                        "minWidth": 160,
                        "paddingVertical": 0,
                        "textAlign": "right",
                      },
                      Object {
                        "color": "#9CA4A9",
                      },
                    ],
                  ]
                }
                testID="ProfileEditName"
                underlineColorAndroid="transparent"
                value="John Doe"
              />
            </View>
          </View>
        </View>
      </View>
    </RNCSafeAreaView>
  </View>
</RCTScrollView>
`;
